---
source: crates/ruff_python_parser/tests/fixtures.rs
input_file: crates/ruff_python_parser/resources/inline/err/dict_starred_value.py
---
## AST

```
Module(
    ModModule {
        node_index: NodeIndex(None),
        range: 0..22,
        body: [
            Expr(
                StmtExpr {
                    node_index: NodeIndex(None),
                    range: 0..7,
                    value: Dict(
                        ExprDict {
                            node_index: NodeIndex(None),
                            range: 0..7,
                            items: [
                                DictItem {
                                    key: Some(
                                        Name(
                                            ExprName {
                                                node_index: NodeIndex(None),
                                                range: 1..2,
                                                id: Name("a"),
                                                ctx: Load,
                                            },
                                        ),
                                    ),
                                    value: Name(
                                        ExprName {
                                            node_index: NodeIndex(None),
                                            range: 5..6,
                                            id: Name("b"),
                                            ctx: Load,
                                        },
                                    ),
                                },
                            ],
                            runtime_values: None,
                        },
                    ),
                },
            ),
            Expr(
                StmtExpr {
                    node_index: NodeIndex(None),
                    range: 8..21,
                    value: Dict(
                        ExprDict {
                            node_index: NodeIndex(None),
                            range: 8..21,
                            items: [
                                DictItem {
                                    key: Some(
                                        Name(
                                            ExprName {
                                                node_index: NodeIndex(None),
                                                range: 9..10,
                                                id: Name("a"),
                                                ctx: Load,
                                            },
                                        ),
                                    ),
                                    value: NumberLiteral(
                                        ExprNumberLiteral {
                                            node_index: NodeIndex(None),
                                            range: 12..13,
                                            value: Int(
                                                1,
                                            ),
                                        },
                                    ),
                                },
                                DictItem {
                                    key: Some(
                                        Name(
                                            ExprName {
                                                node_index: NodeIndex(None),
                                                range: 15..16,
                                                id: Name("b"),
                                                ctx: Load,
                                            },
                                        ),
                                    ),
                                    value: Name(
                                        ExprName {
                                            node_index: NodeIndex(None),
                                            range: 19..20,
                                            id: Name("c"),
                                            ctx: Load,
                                        },
                                    ),
                                },
                            ],
                            runtime_values: None,
                        },
                    ),
                },
            ),
        ],
        runtime_body: None,
    },
)
```
## Errors

  |
1 | {a: *b}
  |     ^^ Syntax Error: cannot use a starred expression in a dictionary value
2 | {a: 1, b: *c}
  |


  |
1 | {a: *b}
2 | {a: 1, b: *c}
  |           ^^ Syntax Error: cannot use a starred expression in a dictionary value
