---
source: crates/ruff_python_parser/tests/fixtures.rs
input_file: crates/ruff_python_parser/resources/inline/err/f_string_missing_conversion_flag.py
---
## AST

```
Module(
    ModModule {
        node_index: NodeIndex(None),
        range: 0..18,
        body: [
            Expr(
                StmtExpr {
                    node_index: NodeIndex(None),
                    range: 0..7,
                    value: FString(
                        ExprFString {
                            node_index: NodeIndex(None),
                            range: 0..7,
                            value: FStringValue {
                                inner: Single(
                                    FString {
                                        range: 0..7,
                                        node_index: NodeIndex(None),
                                        elements: [
                                            Interpolation(
                                                InterpolatedElement {
                                                    range: 2..6,
                                                    node_index: NodeIndex(None),
                                                    expression: Name(
                                                        ExprName {
                                                            node_index: NodeIndex(None),
                                                            range: 3..4,
                                                            id: Name("x"),
                                                            ctx: Load,
                                                        },
                                                    ),
                                                    debug_text: None,
                                                    conversion: None,
                                                    format_spec: None,
                                                    runtime_str: None,
                                                    runtime_interpolation_format_spec: None,
                                                    runtime_formatted_value_format_spec: None,
                                                },
                                            ),
                                        ],
                                        flags: FStringFlags {
                                            quote_style: Double,
                                            prefix: Regular,
                                            triple_quoted: false,
                                            unclosed: false,
                                        },
                                    },
                                ),
                            },
                            runtime_joined_str: None,
                            runtime_values: None,
                        },
                    ),
                },
            ),
            Expr(
                StmtExpr {
                    node_index: NodeIndex(None),
                    range: 8..17,
                    value: FString(
                        ExprFString {
                            node_index: NodeIndex(None),
                            range: 8..17,
                            value: FStringValue {
                                inner: Single(
                                    FString {
                                        range: 8..17,
                                        node_index: NodeIndex(None),
                                        elements: [
                                            Interpolation(
                                                InterpolatedElement {
                                                    range: 10..16,
                                                    node_index: NodeIndex(None),
                                                    expression: Name(
                                                        ExprName {
                                                            node_index: NodeIndex(None),
                                                            range: 11..12,
                                                            id: Name("x"),
                                                            ctx: Load,
                                                        },
                                                    ),
                                                    debug_text: Some(
                                                        DebugText {
                                                            leading: "",
                                                            expression: "x",
                                                            trailing: "=",
                                                        },
                                                    ),
                                                    conversion: None,
                                                    format_spec: Some(
                                                        InterpolatedStringFormatSpec {
                                                            range: 15..15,
                                                            node_index: NodeIndex(None),
                                                            elements: [],
                                                        },
                                                    ),
                                                    runtime_str: None,
                                                    runtime_interpolation_format_spec: None,
                                                    runtime_formatted_value_format_spec: None,
                                                },
                                            ),
                                        ],
                                        flags: FStringFlags {
                                            quote_style: Double,
                                            prefix: Regular,
                                            triple_quoted: false,
                                            unclosed: false,
                                        },
                                    },
                                ),
                            },
                            runtime_joined_str: None,
                            runtime_values: None,
                        },
                    ),
                },
            ),
        ],
        runtime_body: None,
    },
)
```
## Errors

  |
1 | f"{x!}"
  |      ^ Syntax Error: f-string: missing conversion character
2 | f"{x=!:}"
  |


  |
1 | f"{x!}"
2 | f"{x=!:}"
  |       ^ Syntax Error: f-string: missing conversion character
