---
source: crates/ruff_python_parser/tests/fixtures.rs
input_file: crates/ruff_python_parser/resources/inline/err/for_stmt_comparison_target.py
---
## AST

```
Module(
    ModModule {
        node_index: NodeIndex(None),
        range: 0..47,
        body: [
            For(
                StmtFor {
                    node_index: NodeIndex(None),
                    range: 0..20,
                    is_async: false,
                    target: Compare(
                        ExprCompare {
                            node_index: NodeIndex(None),
                            range: 4..10,
                            ops: [
                                Eq,
                            ],
                            operands: [
                                Name(
                                    ExprName {
                                        node_index: NodeIndex(None),
                                        range: 4..5,
                                        id: Name("x"),
                                        ctx: Load,
                                    },
                                ),
                                Name(
                                    ExprName {
                                        node_index: NodeIndex(None),
                                        range: 9..10,
                                        id: Name("y"),
                                        ctx: Load,
                                    },
                                ),
                            ],
                            runtime_comparators: None,
                        },
                    ),
                    iter: Name(
                        ExprName {
                            node_index: NodeIndex(None),
                            range: 14..15,
                            id: Name("z"),
                            ctx: Load,
                        },
                    ),
                    body: [
                        Expr(
                            StmtExpr {
                                node_index: NodeIndex(None),
                                range: 17..20,
                                value: EllipsisLiteral(
                                    ExprEllipsisLiteral {
                                        node_index: NodeIndex(None),
                                        range: 17..20,
                                    },
                                ),
                            },
                        ),
                    ],
                    orelse: [],
                    runtime_type_comment: None,
                    runtime_type_comment_bytes: None,
                    runtime_body: None,
                    runtime_orelse: None,
                },
            ),
            For(
                StmtFor {
                    node_index: NodeIndex(None),
                    range: 21..46,
                    is_async: false,
                    target: Tuple(
                        ExprTuple {
                            node_index: NodeIndex(None),
                            range: 25..36,
                            elts: [
                                Compare(
                                    ExprCompare {
                                        node_index: NodeIndex(None),
                                        range: 26..32,
                                        ops: [
                                            In,
                                        ],
                                        operands: [
                                            Name(
                                                ExprName {
                                                    node_index: NodeIndex(None),
                                                    range: 26..27,
                                                    id: Name("x"),
                                                    ctx: Load,
                                                },
                                            ),
                                            Name(
                                                ExprName {
                                                    node_index: NodeIndex(None),
                                                    range: 31..32,
                                                    id: Name("y"),
                                                    ctx: Load,
                                                },
                                            ),
                                        ],
                                        runtime_comparators: None,
                                    },
                                ),
                                Name(
                                    ExprName {
                                        node_index: NodeIndex(None),
                                        range: 35..36,
                                        id: Name("z"),
                                        ctx: Store,
                                    },
                                ),
                            ],
                            ctx: Store,
                            parenthesized: false,
                            runtime_elts: None,
                        },
                    ),
                    iter: Name(
                        ExprName {
                            node_index: NodeIndex(None),
                            range: 40..41,
                            id: Name("w"),
                            ctx: Load,
                        },
                    ),
                    body: [
                        Expr(
                            StmtExpr {
                                node_index: NodeIndex(None),
                                range: 43..46,
                                value: EllipsisLiteral(
                                    ExprEllipsisLiteral {
                                        node_index: NodeIndex(None),
                                        range: 43..46,
                                    },
                                ),
                            },
                        ),
                    ],
                    orelse: [],
                    runtime_type_comment: None,
                    runtime_type_comment_bytes: None,
                    runtime_body: None,
                    runtime_orelse: None,
                },
            ),
        ],
        runtime_body: None,
    },
)
```
## Errors

  |
1 | for x == y in z: ...
  |       ^^ Syntax Error: invalid syntax
2 | for (x in y), z in w: ...
  |


  |
1 | for x == y in z: ...
2 | for (x in y), z in w: ...
  |             ^ Syntax Error: invalid syntax
