---
source: crates/ruff_python_parser/tests/fixtures.rs
input_file: crates/ruff_python_parser/resources/inline/err/dict_missing_value.py
---
## AST

```
Module(
    ModModule {
        node_index: NodeIndex(None),
        range: 0..24,
        body: [
            Expr(
                StmtExpr {
                    node_index: NodeIndex(None),
                    range: 0..5,
                    value: Dict(
                        ExprDict {
                            node_index: NodeIndex(None),
                            range: 0..5,
                            items: [
                                DictItem {
                                    key: Some(
                                        Name(
                                            ExprName {
                                                node_index: NodeIndex(None),
                                                range: 1..2,
                                                id: Name("a"),
                                                ctx: Load,
                                            },
                                        ),
                                    ),
                                    value: Name(
                                        ExprName {
                                            node_index: NodeIndex(None),
                                            range: 3..3,
                                            id: Name(""),
                                            ctx: Invalid,
                                        },
                                    ),
                                },
                            ],
                            runtime_values: None,
                        },
                    ),
                },
            ),
            Expr(
                StmtExpr {
                    node_index: NodeIndex(None),
                    range: 6..23,
                    value: Dict(
                        ExprDict {
                            node_index: NodeIndex(None),
                            range: 6..23,
                            items: [
                                DictItem {
                                    key: Some(
                                        Name(
                                            ExprName {
                                                node_index: NodeIndex(None),
                                                range: 7..8,
                                                id: Name("a"),
                                                ctx: Load,
                                            },
                                        ),
                                    ),
                                    value: NumberLiteral(
                                        ExprNumberLiteral {
                                            node_index: NodeIndex(None),
                                            range: 10..11,
                                            value: Int(
                                                1,
                                            ),
                                        },
                                    ),
                                },
                                DictItem {
                                    key: Some(
                                        Name(
                                            ExprName {
                                                node_index: NodeIndex(None),
                                                range: 13..14,
                                                id: Name("b"),
                                                ctx: Load,
                                            },
                                        ),
                                    ),
                                    value: Name(
                                        ExprName {
                                            node_index: NodeIndex(None),
                                            range: 15..15,
                                            id: Name(""),
                                            ctx: Invalid,
                                        },
                                    ),
                                },
                                DictItem {
                                    key: Some(
                                        Name(
                                            ExprName {
                                                node_index: NodeIndex(None),
                                                range: 18..19,
                                                id: Name("c"),
                                                ctx: Load,
                                            },
                                        ),
                                    ),
                                    value: NumberLiteral(
                                        ExprNumberLiteral {
                                            node_index: NodeIndex(None),
                                            range: 21..22,
                                            value: Int(
                                                2,
                                            ),
                                        },
                                    ),
                                },
                            ],
                            runtime_values: None,
                        },
                    ),
                },
            ),
        ],
        runtime_body: None,
    },
)
```
## Errors

  |
1 | {a: }
  |   ^ Syntax Error: expression expected after dictionary key and ':'
2 | {a: 1, b: , c: 2}
  |


  |
1 | {a: }
  |     ^ Syntax Error: invalid syntax
2 | {a: 1, b: , c: 2}
  |


  |
1 | {a: }
2 | {a: 1, b: , c: 2}
  |         ^ Syntax Error: expression expected after dictionary key and ':'


  |
1 | {a: }
2 | {a: 1, b: , c: 2}
  |           ^ Syntax Error: invalid syntax
