---
source: crates/ruff_python_parser/tests/fixtures.rs
input_file: crates/ruff_python_parser/resources/inline/err/f_string_expected_separator_after_conversion.py
---
## AST

```
Module(
    ModModule {
        node_index: NodeIndex(None),
        range: 0..22,
        body: [
            Expr(
                StmtExpr {
                    node_index: NodeIndex(None),
                    range: 0..9,
                    value: FString(
                        ExprFString {
                            node_index: NodeIndex(None),
                            range: 0..9,
                            value: FStringValue {
                                inner: Single(
                                    FString {
                                        range: 0..9,
                                        node_index: NodeIndex(None),
                                        elements: [
                                            Interpolation(
                                                InterpolatedElement {
                                                    range: 2..6,
                                                    node_index: NodeIndex(None),
                                                    expression: Name(
                                                        ExprName {
                                                            node_index: NodeIndex(None),
                                                            range: 3..4,
                                                            id: Name("x"),
                                                            ctx: Load,
                                                        },
                                                    ),
                                                    debug_text: None,
                                                    conversion: Str,
                                                    format_spec: None,
                                                    runtime_str: None,
                                                    runtime_interpolation_format_spec: None,
                                                    runtime_formatted_value_format_spec: None,
                                                },
                                            ),
                                        ],
                                        flags: FStringFlags {
                                            quote_style: Double,
                                            prefix: Regular,
                                            triple_quoted: false,
                                            unclosed: false,
                                        },
                                    },
                                ),
                            },
                            runtime_joined_str: None,
                            runtime_values: None,
                        },
                    ),
                },
            ),
            Expr(
                StmtExpr {
                    node_index: NodeIndex(None),
                    range: 10..21,
                    value: FString(
                        ExprFString {
                            node_index: NodeIndex(None),
                            range: 10..21,
                            value: FStringValue {
                                inner: Single(
                                    FString {
                                        range: 10..21,
                                        node_index: NodeIndex(None),
                                        elements: [
                                            Interpolation(
                                                InterpolatedElement {
                                                    range: 12..16,
                                                    node_index: NodeIndex(None),
                                                    expression: Name(
                                                        ExprName {
                                                            node_index: NodeIndex(None),
                                                            range: 13..14,
                                                            id: Name("x"),
                                                            ctx: Load,
                                                        },
                                                    ),
                                                    debug_text: None,
                                                    conversion: Repr,
                                                    format_spec: None,
                                                    runtime_str: None,
                                                    runtime_interpolation_format_spec: None,
                                                    runtime_formatted_value_format_spec: None,
                                                },
                                            ),
                                            Interpolation(
                                                InterpolatedElement {
                                                    range: 16..19,
                                                    node_index: NodeIndex(None),
                                                    expression: Name(
                                                        ExprName {
                                                            node_index: NodeIndex(None),
                                                            range: 17..18,
                                                            id: Name("y"),
                                                            ctx: Load,
                                                        },
                                                    ),
                                                    debug_text: None,
                                                    conversion: None,
                                                    format_spec: None,
                                                    runtime_str: None,
                                                    runtime_interpolation_format_spec: None,
                                                    runtime_formatted_value_format_spec: None,
                                                },
                                            ),
                                        ],
                                        flags: FStringFlags {
                                            quote_style: Double,
                                            prefix: Regular,
                                            triple_quoted: false,
                                            unclosed: false,
                                        },
                                    },
                                ),
                            },
                            runtime_joined_str: None,
                            runtime_values: None,
                        },
                    ),
                },
            ),
        ],
        runtime_body: None,
    },
)
```
## Errors

  |
1 | f"{x!s!}"
  |       ^ Syntax Error: f-string: expecting ':' or '}'
2 | f"{x!r{y}}"
  |


  |
1 | f"{x!s!}"
  |        ^ Syntax Error: expected an element of or the end of the f-string
2 | f"{x!r{y}}"
  |


  |
1 | f"{x!s!}"
2 | f"{x!r{y}}"
  |       ^ Syntax Error: f-string: expecting ':' or '}'


  |
1 | f"{x!s!}"
2 | f"{x!r{y}}"
  |          ^ Syntax Error: expected an element of or the end of the f-string
