---
source: crates/ruff_python_parser/tests/fixtures.rs
input_file: crates/ruff_python_parser/resources/inline/err/args_positional_after_keyword.py
---
## AST

```
Module(
    ModModule {
        node_index: NodeIndex(None),
        range: 0..25,
        body: [
            Expr(
                StmtExpr {
                    node_index: NodeIndex(None),
                    range: 0..9,
                    value: Call(
                        ExprCall {
                            node_index: NodeIndex(None),
                            range: 0..9,
                            func: Name(
                                ExprName {
                                    node_index: NodeIndex(None),
                                    range: 0..1,
                                    id: Name("f"),
                                    ctx: Load,
                                },
                            ),
                            arguments: Arguments {
                                range: 1..9,
                                node_index: NodeIndex(None),
                                args: [
                                    Name(
                                        ExprName {
                                            node_index: NodeIndex(None),
                                            range: 7..8,
                                            id: Name("b"),
                                            ctx: Load,
                                        },
                                    ),
                                ],
                                keywords: [
                                    Keyword {
                                        range: 2..5,
                                        node_index: NodeIndex(None),
                                        arg: Some(
                                            Identifier {
                                                id: Name("a"),
                                                range: 2..3,
                                                node_index: NodeIndex(None),
                                            },
                                        ),
                                        value: NumberLiteral(
                                            ExprNumberLiteral {
                                                node_index: NodeIndex(None),
                                                range: 4..5,
                                                value: Int(
                                                    1,
                                                ),
                                            },
                                        ),
                                    },
                                ],
                                runtime_args: None,
                                runtime_bases: None,
                            },
                        },
                    ),
                },
            ),
            Expr(
                StmtExpr {
                    node_index: NodeIndex(None),
                    range: 10..24,
                    value: Call(
                        ExprCall {
                            node_index: NodeIndex(None),
                            range: 10..24,
                            func: Name(
                                ExprName {
                                    node_index: NodeIndex(None),
                                    range: 10..11,
                                    id: Name("f"),
                                    ctx: Load,
                                },
                            ),
                            arguments: Arguments {
                                range: 11..24,
                                node_index: NodeIndex(None),
                                args: [
                                    Name(
                                        ExprName {
                                            node_index: NodeIndex(None),
                                            range: 17..18,
                                            id: Name("b"),
                                            ctx: Load,
                                        },
                                    ),
                                ],
                                keywords: [
                                    Keyword {
                                        range: 12..15,
                                        node_index: NodeIndex(None),
                                        arg: None,
                                        value: Name(
                                            ExprName {
                                                node_index: NodeIndex(None),
                                                range: 14..15,
                                                id: Name("a"),
                                                ctx: Load,
                                            },
                                        ),
                                    },
                                    Keyword {
                                        range: 20..23,
                                        node_index: NodeIndex(None),
                                        arg: None,
                                        value: Name(
                                            ExprName {
                                                node_index: NodeIndex(None),
                                                range: 22..23,
                                                id: Name("c"),
                                                ctx: Load,
                                            },
                                        ),
                                    },
                                ],
                                runtime_args: None,
                                runtime_bases: None,
                            },
                        },
                    ),
                },
            ),
        ],
        runtime_body: None,
    },
)
```
## Errors

  |
1 | f(a=1, b)
  |         ^ Syntax Error: positional argument follows keyword argument
2 | f(**a, b, **c)
  |


  |
1 | f(a=1, b)
2 | f(**a, b, **c)
  |              ^ Syntax Error: positional argument follows keyword argument unpacking
